// Jest Snapshot v1, https://goo.gl/fbAQLP

exports[`should render ExpenseList with expenses 1`] = `
<div>
  <ExpenseListItem
    amount={195}
    createdAt={0}
    description="Gum"
    id="1"
    key="1"
    note=""
  />
  <ExpenseListItem
    amount={200}
    createdAt={-345600000}
    description="Apple"
    id="2"
    key="2"
    note=""
  />
  <ExpenseListItem
    amount={80000}
    createdAt={345600000}
    description="Guitar"
    id="3"
    key="3"
    note=""
  />
</div>
`;

exports[`should render expenselist with empty message 1`] = `
<div>
  <p>
    No expenses
  </p>
</div>
`;
